// Jest Snapshot v1, https://goo.gl/fbAQLP

exports[`Character component renders a Character 1`] = `
<DocumentFragment>
  <figure>
    <img
      alt="46th Earth King"
      src="https://vignette.wikia.nocookie.net/avatar/images/5/51/46th_Earth_King.png/revision/latest?cb=20130627160441"
    />
    <figcaption>
      <p>
        46th Earth King
      </p>
      <p>
         Earth Kingdom Earth Kingdom Royal Family
      </p>
    </figcaption>
  </figure>
</DocumentFragment>
`;
